[backblue.gif]
[fade.gif]
[index.html]
[www.cs.bath.ac.uk/icons/blank.gif]
[www.cs.bath.ac.uk/icons/back.gif]
[www.cs.bath.ac.uk/icons/dvi.gif]
[www.cs.bath.ac.uk/_jpff/CM20029/Ass1_2004.dvi]
[www.cs.bath.ac.uk/icons/layout.gif]
[www.cs.bath.ac.uk/_jpff/CM20029/index.html]
[www.cs.bath.ac.uk/_jpff/CM20029/index1f8d.html]
[www.cs.bath.ac.uk/_jpff/CM20029/indexa950.html]
[www.cs.bath.ac.uk/_jpff/CM20029/indexb478.html]
[www.cs.bath.ac.uk/_jpff/CM20029/indexd114.html]
[www.cs.bath.ac.uk/_jpff/CM20029/Ass1_2004.pdf]
[www.cs.bath.ac.uk/icons/a.gif]
[www.cs.bath.ac.uk/_jpff/CM20029/Ass1_2004.ps]
[www.cs.bath.ac.uk/icons/tex.gif]
[www.cs.bath.ac.uk/_jpff/CM20029/Ass1_2004.tex]
[www.cs.bath.ac.uk/_jpff/CM20029/Ass2_2004.pdf]
[www.cs.bath.ac.uk/icons/unknown.gif]
[www.cs.bath.ac.uk/_jpff/CM20029/Ass2_2004.ps]
[www.cs.bath.ac.uk/_jpff/CM20029/Error_messages.txt]
[www.cs.bath.ac.uk/_jpff/CM20029/Sheet1.dvi]
[www.cs.bath.ac.uk/_jpff/CM20029/Sheet1.pdf]
[www.cs.bath.ac.uk/_jpff/CM20029/Sheet1.ps]
[www.cs.bath.ac.uk/_jpff/CM20029/Sheet1.tex]
[www.cs.bath.ac.uk/_jpff/CM20029/Sheet2.dvi]
[www.cs.bath.ac.uk/_jpff/CM20029/Sheet2.pdf]
[www.cs.bath.ac.uk/_jpff/CM20029/Sheet2.ps]
[www.cs.bath.ac.uk/_jpff/CM20029/Sheet2.tex]
[www.cs.bath.ac.uk/_jpff/CM20029/data_for_lexer.txt]
[www.cs.bath.ac.uk/_jpff/CM20029/draft.pdf]
[www.cs.bath.ac.uk/_jpff/CM20029/draft.ps]
[www.cs.bath.ac.uk/_jpff/CM20029/yacc_ex.txt]
[www.cs.bath.ac.uk/_jpff/CM20029/index40e4.html]
[www.cs.bath.ac.uk/_jpff/CM20029/indexdec9.html]
[www.cs.bath.ac.uk/_jpff/CM20029/index11ac.html]
[www.cs.bath.ac.uk/_jpff/CM20029/index2490.html]
