[backblue.gif]
[fade.gif]
[index.html]
[dinosaur.compilertools.net/index.html]
[dinosaur.compilertools.net/lex/lex.ps]
[dinosaur.compilertools.net/yacc/yacc.ps]
[dinosaur.compilertools.net/lex/index.html]
[dinosaur.compilertools.net/flex/flex.ps]
[dinosaur.compilertools.net/yacc/index.html]
[dinosaur.compilertools.net/flex/index.html]
[dinosaur.compilertools.net/bison/bison.ps]
[dinosaur.compilertools.net/birds.gif]
[dinosaur.compilertools.net/flex/manpage.html]
[dinosaur.compilertools.net/bison/index.html]
[dinosaur.compilertools.net/dragon.gif]
[dinosaur.compilertools.net/tiger.gif]
[dinosaur.compilertools.net/bison/manpage.html]
[dinosaur.compilertools.net/flex/flex_1.html]
[dinosaur.compilertools.net/flex/flex_2.html]
[dinosaur.compilertools.net/flex/flex_3.html]
[dinosaur.compilertools.net/flex/flex_4.html]
[dinosaur.compilertools.net/flex/flex_5.html]
[dinosaur.compilertools.net/flex/flex_6.html]
[dinosaur.compilertools.net/flex/flex_7.html]
[dinosaur.compilertools.net/flex/flex_8.html]
[dinosaur.compilertools.net/flex/flex_9.html]
[dinosaur.compilertools.net/flex/flex_10.html]
[dinosaur.compilertools.net/flex/flex_11.html]
[dinosaur.compilertools.net/flex/flex_12.html]
[dinosaur.compilertools.net/flex/flex_13.html]
[dinosaur.compilertools.net/flex/flex_15.html]
[dinosaur.compilertools.net/flex/flex_16.html]
[dinosaur.compilertools.net/flex/flex_17.html]
[dinosaur.compilertools.net/flex/flex_18.html]
[dinosaur.compilertools.net/flex/flex_19.html]
[dinosaur.compilertools.net/flex/flex_20.html]
[dinosaur.compilertools.net/flex/flex_21.html]
[dinosaur.compilertools.net/flex/flex_22.html]
[dinosaur.compilertools.net/flex/flex_23.html]
[dinosaur.compilertools.net/flex/flex_24.html]
[dinosaur.compilertools.net/flex/flex_25.html]
[dinosaur.compilertools.net/bison/bison_1.html]
[dinosaur.compilertools.net/bison/bison_2.html]
[dinosaur.compilertools.net/bison/bison_3.html]
[dinosaur.compilertools.net/bison/bison_4.html]
[dinosaur.compilertools.net/bison/bison_5.html]
[dinosaur.compilertools.net/bison/bison_6.html]
[dinosaur.compilertools.net/bison/bison_7.html]
[dinosaur.compilertools.net/bison/bison_8.html]
[dinosaur.compilertools.net/bison/bison_9.html]
[dinosaur.compilertools.net/bison/bison_10.html]
[dinosaur.compilertools.net/bison/bison_11.html]
[dinosaur.compilertools.net/bison/bison_12.html]
[dinosaur.compilertools.net/bison/bison_13.html]
[dinosaur.compilertools.net/bison/bison_14.html]
[dinosaur.compilertools.net/bison/bison_15.html]
[dinosaur.compilertools.net/flex/flex_14.html]
